     1                                  	extern printf
     2                                  
     3                                  	section .data
     4 00000000 68656C6C6F20776F72-     msg:	db "hello world", 0
     5 00000009 6C6400             
     6 0000000C 25730A00                fmt:	db "%s", 10, 0
     7                                  
     8                                  	section .text
     9                                  
    10                                  	global main
    11                                  
    12                                  main:
    13 00000000 55                      	push rbp
    14                                  
    15 00000001 48BF-                   	mov rdi, fmt
    16 00000003 [0C00000000000000] 
    17 0000000B 48BE-                   	mov rsi, msg
    18 0000000D [0000000000000000] 
    19 00000015 B800000000              	mov rax, 0
    20 0000001A E8(00000000)            	call printf
    21                                  
    22 0000001F 5D                      	pop rbp
    23                                  
    24 00000020 B800000000              	mov rax,0
    25 00000025 C3                      	ret
